// Vitest Snapshot v1, https://vitest.dev/guide/snapshot.html

exports[`DocsEplorer 1`] = `
<body>
  <div>
    <div
      class="h-full flex flex-col relative"
    >
      <div
        class="bg-editor-primary p-5 h-full w-full font-sans min-h-0 flex-[1_1_0px] overflow-auto fancy-scrollbar"
      >
        <h3
          class="text-lg font-semibold"
        >
          Documentation
        </h3>
        <div
          class="shrink-0 bg-editor-border h-[1px] w-full my-2 mb-4"
          data-orientation="horizontal"
          role="none"
        />
        <nav
          aria-label="Breadcrumb"
          class="flex text-sm mb-4"
        >
          <ol
            class="flex flex-wrap items-center gap-x-2"
          >
            <li
              class="inline-flex items-center"
            >
              <button
                class="transition rounded min-w-fit cursor-pointer text-sm py-[2px] px-[3px] hover:bg-transparent hover:text-editor-text-color hover:underline font-semibold"
                role="button"
                tabindex="0"
                type="button"
              >
                Root
              </button>
            </li>
          </ol>
        </nav>
        <div>
          <h4
            class="text-lg font-semibold"
          >
            Root types
          </h4>
          <div
            class="shrink-0 bg-editor-border h-[1px] w-full my-2"
            data-orientation="horizontal"
            role="none"
          />
          <button
            class="py-[5px] px-2 rounded min-w-fit cursor-pointer hover:bg-editor-secondary flex items-center w-full group text-sm hover:text-editor-text-color transition-none"
            role="button"
            tabindex="0"
            type="button"
          >
            query
            : 
            <span
              class="text-editor-accent ml-[6px]"
            >
              Query
            </span>
            <svg
              aria-hidden="true"
              class="text-editor-text-color ml-auto h-4 w-4 opacity-0 group-hover:opacity-100"
              fill="currentColor"
              viewBox="0 0 24 24"
              xmlns="http://www.w3.org/2000/svg"
            >
              <path
                clip-rule="evenodd"
                d="M12.97 3.97a.75.75 0 011.06 0l7.5 7.5a.75.75 0 010 1.06l-7.5 7.5a.75.75 0 11-1.06-1.06l6.22-6.22H3a.75.75 0 010-1.5h16.19l-6.22-6.22a.75.75 0 010-1.06z"
                fill-rule="evenodd"
              />
            </svg>
          </button>
          <button
            class="py-[5px] px-2 rounded min-w-fit cursor-pointer hover:bg-editor-secondary flex items-center w-full group text-sm hover:text-editor-text-color transition-none"
            role="button"
            tabindex="0"
            type="button"
          >
            mutation
            : 
            <span
              class="text-editor-accent ml-[6px]"
            >
              Mutation
            </span>
            <svg
              aria-hidden="true"
              class="text-editor-text-color ml-auto h-4 w-4 opacity-0 group-hover:opacity-100"
              fill="currentColor"
              viewBox="0 0 24 24"
              xmlns="http://www.w3.org/2000/svg"
            >
              <path
                clip-rule="evenodd"
                d="M12.97 3.97a.75.75 0 011.06 0l7.5 7.5a.75.75 0 010 1.06l-7.5 7.5a.75.75 0 11-1.06-1.06l6.22-6.22H3a.75.75 0 010-1.5h16.19l-6.22-6.22a.75.75 0 010-1.06z"
                fill-rule="evenodd"
              />
            </svg>
          </button>
          <button
            class="py-[5px] px-2 rounded min-w-fit cursor-pointer hover:bg-editor-secondary flex items-center w-full group text-sm hover:text-editor-text-color transition-none"
            role="button"
            tabindex="0"
            type="button"
          >
            subscription
            : 
            <span
              class="text-editor-accent ml-[6px]"
            >
              Subscription
            </span>
            <svg
              aria-hidden="true"
              class="text-editor-text-color ml-auto h-4 w-4 opacity-0 group-hover:opacity-100"
              fill="currentColor"
              viewBox="0 0 24 24"
              xmlns="http://www.w3.org/2000/svg"
            >
              <path
                clip-rule="evenodd"
                d="M12.97 3.97a.75.75 0 011.06 0l7.5 7.5a.75.75 0 010 1.06l-7.5 7.5a.75.75 0 11-1.06-1.06l6.22-6.22H3a.75.75 0 010-1.5h16.19l-6.22-6.22a.75.75 0 010-1.06z"
                fill-rule="evenodd"
              />
            </svg>
          </button>
        </div>
      </div>
    </div>
  </div>
</body>
`;
